[skidlamer.github.io/index.html]
[skidlamer.github.io/discord/skypeInvite.css]
[skidlamer.github.io/discord/discordInvite.css]
[backblue.gif]
[fade.gif]
[index.html]
[skidlamer.github.io/font-awesome/css/font-awesome.min.css]
[skidlamer.github.io/imgs/background.jpg]
[skidlamer.github.io/discord/discordInvite.js]
[img2.wikia.nocookie.net/__cb20121231074133/ladygaga/images/2/23/Skype.PNG.png_; filename_=UTF-8''Skype.PNG.png]
[skidlamer.github.io/index.html]
[skidlamer.github.io/discord/skypeInvite.css]
[skidlamer.github.io/discord/discordInvite.css]
[skidlamer.github.io/font-awesome/fonts/fontawesome-webfont3e6e.eot]
[skidlamer.github.io/font-awesome/fonts/fontawesome-webfontd41d.eot]
[skidlamer.github.io/font-awesome/fonts/fontawesome-webfont3e6e.woff2]
[skidlamer.github.io/font-awesome/fonts/fontawesome-webfont3e6e.woff]
[skidlamer.github.io/font-awesome/fonts/fontawesome-webfont3e6e.ttf]
[skidlamer.github.io/font-awesome/css/font-awesome.min.css]
[skidlamer.github.io/font-awesome/fonts/fontawesome-webfont3e6e.svg]
[skidlamer.github.io/font-awesome/fonts/fontawesome-webfont3e6e.svg]
